pact-plugin-cli-enable [CLIVERSION]
Enable a plugin version

USAGE:
    pact-plugin-cli enable <NAME> [VERSION]

ARGS:
    <NAME>       Plugin name
    <VERSION>    Plugin version. Not required if there is only one plugin version

OPTIONS:
    -h, --help    Print help information
