Print out the Pact plugin environment config

Usage: pact-plugin-cli env

Options:
  -h, --help  Print help
